Archive member included to satisfy reference by file (symbol)

/opt/qnx710/target/qnx7/aarch64le/usr/lib/libdrvr.a(hwi_find_device.o)
                              main.o (hwi_find_device)
/opt/qnx710/target/qnx7/aarch64le/usr/lib/libdrvr.a(hwi_tag_find.o)
                              main.o (hwi_tag_find)
/opt/qnx710/target/qnx7/aarch64le/usr/lib/libdrvr.a(hwiattr_get_timer.o)
                              main.o (hwiattr_get_timer)
/opt/qnx710/target/qnx7/aarch64le/usr/lib/libdrvr.a(hwitag_find_clkfreq.o)
                              main.o (hwitag_find_clkfreq)
/opt/qnx710/target/qnx7/aarch64le/usr/lib/libdrvr.a(hwitag_find_ivec.o)
                              /opt/qnx710/target/qnx7/aarch64le/usr/lib/libdrvr.a(hwiattr_get_timer.o) (hwitag_find_ivec)
/opt/qnx710/target/qnx7/aarch64le/usr/lib/libdrvr.a(hwi_find.o)
                              /opt/qnx710/target/qnx7/aarch64le/usr/lib/libdrvr.a(hwi_find_device.o) (hwi_find)

Allocating common symbols
Common symbol       size              file

write_wdt           0x8               main.o
read_wdt            0x8               main.o

Memory Configuration

Name             Origin             Length             Attributes
*default*        0x0000000000000000 0xffffffffffffffff

Linker script and memory map

LOAD /opt/qnx710/target/qnx7/aarch64le/lib/crt1.o
LOAD /opt/qnx710/target/qnx7/aarch64le/lib/crti.o
LOAD /opt/qnx710/host/linux/x86_64/usr/lib/gcc/aarch64-unknown-nto-qnx7.1.0/8.3.0//crtbegin.o
LOAD main.o
LOAD /opt/qnx710/target/qnx7/aarch64le/usr/lib/libdrvr.a
LOAD /opt/qnx710/target/qnx7/aarch64le/lib/libc.so
LOAD /opt/qnx710/target/qnx7/aarch64le/lib/libcS.a
LOAD /opt/qnx710/target/qnx7/aarch64le/lib/libgcc_s.so
LOAD /opt/qnx710/host/linux/x86_64/usr/lib/gcc/aarch64-unknown-nto-qnx7.1.0/8.3.0/libgcc_eh.a
LOAD /opt/qnx710/host/linux/x86_64/usr/lib/gcc/aarch64-unknown-nto-qnx7.1.0/8.3.0//crtend.o
LOAD /opt/qnx710/target/qnx7/aarch64le/lib/crtn.o
                [!provide]                        PROVIDE (__executable_start = SEGMENT_START ("text-segment", 0x0))
                0x0000000000000238                . = (SEGMENT_START ("text-segment", 0x0) + SIZEOF_HEADERS)

.interp         0x0000000000000238       0x17
 *(.interp)
 .interp        0x0000000000000238       0x17 /opt/qnx710/target/qnx7/aarch64le/lib/crt1.o

.note.gnu.build-id
                0x0000000000000250       0x20
 *(.note.gnu.build-id)
 .note.gnu.build-id
                0x0000000000000250       0x20 /opt/qnx710/target/qnx7/aarch64le/lib/crt1.o

.note           0x0000000000000270       0x1c
 .note          0x0000000000000270       0x1c /opt/qnx710/target/qnx7/aarch64le/lib/crtn.o

.hash
 *(.hash)

.gnu.hash       0x0000000000000290       0x3c
 *(.gnu.hash)
 .gnu.hash      0x0000000000000290       0x3c /opt/qnx710/target/qnx7/aarch64le/lib/crt1.o

.dynsym         0x00000000000002d0      0x3c0
 *(.dynsym)
 .dynsym        0x00000000000002d0      0x3c0 /opt/qnx710/target/qnx7/aarch64le/lib/crt1.o

.dynstr         0x0000000000000690      0x1f7
 *(.dynstr)
 .dynstr        0x0000000000000690      0x1f7 /opt/qnx710/target/qnx7/aarch64le/lib/crt1.o

.gnu.version    0x0000000000000888        0x0
 *(.gnu.version)
 .gnu.version   0x0000000000000888        0x0 /opt/qnx710/target/qnx7/aarch64le/lib/crt1.o

.gnu.version_d  0x0000000000000888        0x0
 *(.gnu.version_d)
 .gnu.version_d
                0x0000000000000888        0x0 /opt/qnx710/target/qnx7/aarch64le/lib/crt1.o

.gnu.version_r  0x0000000000000888        0x0
 *(.gnu.version_r)
 .gnu.version_r
                0x0000000000000888        0x0 /opt/qnx710/target/qnx7/aarch64le/lib/crt1.o

.rela.dyn       0x0000000000000888      0x120
 *(.rela.init)
 *(.rela.text .rela.text.* .rela.gnu.linkonce.t.*)
 *(.rela.fini)
 *(.rela.rodata .rela.rodata.* .rela.gnu.linkonce.r.*)
 *(.rela.data .rela.data.* .rela.gnu.linkonce.d.*)
 .rela.data.rel.ro
                0x0000000000000888        0x0 /opt/qnx710/target/qnx7/aarch64le/lib/crt1.o
 .rela.data.rel.local
                0x0000000000000888       0x18 /opt/qnx710/target/qnx7/aarch64le/lib/crt1.o
 *(.rela.tdata .rela.tdata.* .rela.gnu.linkonce.td.*)
 *(.rela.tbss .rela.tbss.* .rela.gnu.linkonce.tb.*)
 *(.rela.ctors)
 *(.rela.dtors)
 *(.rela.got)
 .rela.got      0x00000000000008a0       0xd8 /opt/qnx710/target/qnx7/aarch64le/lib/crt1.o
 *(.rela.bss .rela.bss.* .rela.gnu.linkonce.b.*)
 .rela.bss      0x0000000000000978        0x0 /opt/qnx710/target/qnx7/aarch64le/lib/crt1.o
 *(.rela.ifunc)
 .rela.ifunc    0x0000000000000978        0x0 /opt/qnx710/target/qnx7/aarch64le/lib/crt1.o
 .rela.fini_array
                0x0000000000000978       0x18 /opt/qnx710/target/qnx7/aarch64le/lib/crt1.o
 .rela.init_array
                0x0000000000000990       0x18 /opt/qnx710/target/qnx7/aarch64le/lib/crt1.o

.rela.plt       0x00000000000009a8      0x288
 *(.rela.plt)
 .rela.plt      0x00000000000009a8      0x288 /opt/qnx710/target/qnx7/aarch64le/lib/crt1.o
                [!provide]                        PROVIDE (__rela_iplt_start = .)
 *(.rela.iplt)
                [!provide]                        PROVIDE (__rela_iplt_end = .)

.init
 *(SORT_NONE(.init))

.plt            0x0000000000000c30      0x1d0
 *(.plt)
 .plt           0x0000000000000c30      0x1d0 /opt/qnx710/target/qnx7/aarch64le/lib/crt1.o
 *(.iplt)

.text           0x0000000000000e00     0x12dc
                0x0000000000000e00                _btext = .
 *(.text.unlikely .text.*_unlikely .text.unlikely.*)
 *(.text.exit .text.exit.*)
 *(.text.startup .text.startup.*)
 .text.startup  0x0000000000000e00      0xca8 main.o
                0x0000000000000e00                main
 *(.text.hot .text.hot.*)
 *(.text .stub .text.* .gnu.linkonce.t.*)
 .text          0x0000000000001aa8       0x94 /opt/qnx710/target/qnx7/aarch64le/lib/crt1.o
                0x0000000000001aa8                _start
 .text          0x0000000000001b3c        0x0 /opt/qnx710/target/qnx7/aarch64le/lib/crti.o
 *fill*         0x0000000000001b3c        0x4 00000000
 .text          0x0000000000001b40       0xfc /opt/qnx710/host/linux/x86_64/usr/lib/gcc/aarch64-unknown-nto-qnx7.1.0/8.3.0//crtbegin.o
 *fill*         0x0000000000001c3c        0x4 00000000
 .text          0x0000000000001c40       0x4c main.o
 *fill*         0x0000000000001c8c        0x4 00000000
 .text          0x0000000000001c90       0x64 /opt/qnx710/target/qnx7/aarch64le/usr/lib/libdrvr.a(hwi_find_device.o)
                0x0000000000001c90                hwi_find_device
 *fill*         0x0000000000001cf4        0x4 00000000
 .text          0x0000000000001cf8       0xf4 /opt/qnx710/target/qnx7/aarch64le/usr/lib/libdrvr.a(hwi_tag_find.o)
                0x0000000000001cf8                hwi_tag_find
 *fill*         0x0000000000001dec        0x4 00000000
 .text          0x0000000000001df0      0x17c /opt/qnx710/target/qnx7/aarch64le/usr/lib/libdrvr.a(hwiattr_get_timer.o)
                0x0000000000001df0                hwiattr_get_timer
 *fill*         0x0000000000001f6c        0x4 00000000
 .text          0x0000000000001f70       0x34 /opt/qnx710/target/qnx7/aarch64le/usr/lib/libdrvr.a(hwitag_find_clkfreq.o)
                0x0000000000001f70                hwitag_find_clkfreq
 *fill*         0x0000000000001fa4        0x4 00000000
 .text          0x0000000000001fa8       0x34 /opt/qnx710/target/qnx7/aarch64le/usr/lib/libdrvr.a(hwitag_find_ivec.o)
                0x0000000000001fa8                hwitag_find_ivec
 *fill*         0x0000000000001fdc        0x4 00000000
 .text          0x0000000000001fe0       0xfc /opt/qnx710/target/qnx7/aarch64le/usr/lib/libdrvr.a(hwi_find.o)
                0x0000000000001fe0                hwi_find
 .text          0x00000000000020dc        0x0 /opt/qnx710/host/linux/x86_64/usr/lib/gcc/aarch64-unknown-nto-qnx7.1.0/8.3.0//crtend.o
 .text          0x00000000000020dc        0x0 /opt/qnx710/target/qnx7/aarch64le/lib/crtn.o
 *(.gnu.warning)

.fini
 *(SORT_NONE(.fini))
                [!provide]                        PROVIDE (__etext = .)
                [!provide]                        PROVIDE (_etext = .)
                [!provide]                        PROVIDE (etext = .)

.rodata         0x00000000000020e0      0xc08
 *(.rodata .rodata.* .gnu.linkonce.r.*)
 .rodata.str1.8
                0x00000000000020e0      0xbad main.o
 *fill*         0x0000000000002c8d        0x3 
 .rodata.str1.8
                0x0000000000002c90        0x7 /opt/qnx710/target/qnx7/aarch64le/usr/lib/libdrvr.a(hwi_find_device.o)
 *fill*         0x0000000000002c97        0x1 
 .rodata.str1.8
                0x0000000000002c98       0x2f /opt/qnx710/target/qnx7/aarch64le/usr/lib/libdrvr.a(hwiattr_get_timer.o)
 *fill*         0x0000000000002cc7        0x1 
 .rodata.str1.8
                0x0000000000002cc8        0x9 /opt/qnx710/target/qnx7/aarch64le/usr/lib/libdrvr.a(hwitag_find_clkfreq.o)
 *fill*         0x0000000000002cd1        0x7 
 .rodata.str1.8
                0x0000000000002cd8        0x4 /opt/qnx710/target/qnx7/aarch64le/usr/lib/libdrvr.a(hwitag_find_ivec.o)
 *fill*         0x0000000000002cdc        0x4 
 .rodata.str1.8
                0x0000000000002ce0        0x8 /opt/qnx710/target/qnx7/aarch64le/usr/lib/libdrvr.a(hwi_find.o)

.rodata1
 *(.rodata1)

.eh_frame_hdr   0x0000000000002ce8       0x94
 *(.eh_frame_hdr)
 .eh_frame_hdr  0x0000000000002ce8       0x94 /opt/qnx710/host/linux/x86_64/usr/lib/gcc/aarch64-unknown-nto-qnx7.1.0/8.3.0//crtbegin.o
                0x0000000000002ce8                __GNU_EH_FRAME_HDR
 *(.eh_frame_entry .eh_frame_entry.*)

.eh_frame       0x0000000000002d80      0x28c
 *(.eh_frame)
 .eh_frame      0x0000000000002d80       0x80 /opt/qnx710/host/linux/x86_64/usr/lib/gcc/aarch64-unknown-nto-qnx7.1.0/8.3.0//crtbegin.o
 .eh_frame      0x0000000000002e00       0xc8 main.o
                                         0xd8 (size before relaxing)
 .eh_frame      0x0000000000002ec8       0x30 /opt/qnx710/target/qnx7/aarch64le/usr/lib/libdrvr.a(hwi_find_device.o)
                                         0x40 (size before relaxing)
 .eh_frame      0x0000000000002ef8       0x40 /opt/qnx710/target/qnx7/aarch64le/usr/lib/libdrvr.a(hwi_tag_find.o)
                                         0x50 (size before relaxing)
 .eh_frame      0x0000000000002f38       0x48 /opt/qnx710/target/qnx7/aarch64le/usr/lib/libdrvr.a(hwiattr_get_timer.o)
                                         0x58 (size before relaxing)
 .eh_frame      0x0000000000002f80       0x20 /opt/qnx710/target/qnx7/aarch64le/usr/lib/libdrvr.a(hwitag_find_clkfreq.o)
                                         0x38 (size before relaxing)
 .eh_frame      0x0000000000002fa0       0x28 /opt/qnx710/target/qnx7/aarch64le/usr/lib/libdrvr.a(hwitag_find_ivec.o)
                                         0x40 (size before relaxing)
 .eh_frame      0x0000000000002fc8       0x40 /opt/qnx710/target/qnx7/aarch64le/usr/lib/libdrvr.a(hwi_find.o)
                                         0x58 (size before relaxing)
 .eh_frame      0x0000000000003008        0x4 /opt/qnx710/host/linux/x86_64/usr/lib/gcc/aarch64-unknown-nto-qnx7.1.0/8.3.0//crtend.o
 *(.eh_frame.*)

.gcc_except_table
 *(.gcc_except_table .gcc_except_table.*)

.gnu_extab
 *(.gnu_extab*)

.exception_ranges
 *(.exception_ranges*)
                0x0000000000013d00                . = DATA_SEGMENT_ALIGN (CONSTANT (MAXPAGESIZE), CONSTANT (COMMONPAGESIZE))

.eh_frame
 *(.eh_frame)
 *(.eh_frame.*)

.gnu_extab
 *(.gnu_extab)

.gcc_except_table
 *(.gcc_except_table .gcc_except_table.*)

.exception_ranges
 *(.exception_ranges*)

.tdata          0x0000000000013d00        0x0
                [!provide]                        PROVIDE (__tdata_start = .)
 *(.tdata .tdata.* .gnu.linkonce.td.*)

.tbss
 *(.tbss .tbss.* .gnu.linkonce.tb.*)
 *(.tcommon)

.preinit_array  0x0000000000013d00        0x0
                0x0000000000013d00                PROVIDE (__preinit_array_start = .)
 *(.preinit_array)
                0x0000000000013d00                PROVIDE (__preinit_array_end = .)

.init_array     0x0000000000013d00        0x8
                0x0000000000013d00                PROVIDE (__init_array_start = .)
 *(SORT_BY_INIT_PRIORITY(.init_array.*) SORT_BY_INIT_PRIORITY(.ctors.*))
 *(.init_array EXCLUDE_FILE(*crtend?.o *crtend.o *crtbegin?.o *crtbegin.o) .ctors)
 .init_array    0x0000000000013d00        0x8 /opt/qnx710/host/linux/x86_64/usr/lib/gcc/aarch64-unknown-nto-qnx7.1.0/8.3.0//crtbegin.o
                0x0000000000013d08                PROVIDE (__init_array_end = .)

.fini_array     0x0000000000013d08        0x8
                0x0000000000013d08                PROVIDE (__fini_array_start = .)
 *(SORT_BY_INIT_PRIORITY(.fini_array.*) SORT_BY_INIT_PRIORITY(.dtors.*))
 *(.fini_array EXCLUDE_FILE(*crtend?.o *crtend.o *crtbegin?.o *crtbegin.o) .dtors)
 .fini_array    0x0000000000013d08        0x8 /opt/qnx710/host/linux/x86_64/usr/lib/gcc/aarch64-unknown-nto-qnx7.1.0/8.3.0//crtbegin.o
                0x0000000000013d10                PROVIDE (__fini_array_end = .)

.ctors
 *crtbegin.o(.ctors)
 *crtbegin?.o(.ctors)
 *(EXCLUDE_FILE(*crtend?.o *crtend.o) .ctors)
 *(SORT_BY_NAME(.ctors.*))
 *(.ctors)

.dtors
 *crtbegin.o(.dtors)
 *crtbegin?.o(.dtors)
 *(EXCLUDE_FILE(*crtend?.o *crtend.o) .dtors)
 *(SORT_BY_NAME(.dtors.*))
 *(.dtors)

.jcr
 *(.jcr)

.data.rel.ro    0x0000000000013d10        0x0
 *(.data.rel.ro.local* .gnu.linkonce.d.rel.ro.local.*)
 *(.data.rel.ro .data.rel.ro.* .gnu.linkonce.d.rel.ro.*)
 .data.rel.ro   0x0000000000013d10        0x0 /opt/qnx710/target/qnx7/aarch64le/lib/crt1.o

.dynamic        0x0000000000013d10      0x1b0
 *(.dynamic)
 .dynamic       0x0000000000013d10      0x1b0 /opt/qnx710/target/qnx7/aarch64le/lib/crt1.o
                0x0000000000013d10                _DYNAMIC

.got            0x0000000000013ec0      0x140
 *(.got.plt)
 .got.plt       0x0000000000013ec0       0xf0 /opt/qnx710/target/qnx7/aarch64le/lib/crt1.o
 *(.igot.plt)
 *(.got)
 .got           0x0000000000013fb0       0x50 /opt/qnx710/target/qnx7/aarch64le/lib/crt1.o
                0x0000000000013fb0                _GLOBAL_OFFSET_TABLE_
 *(.igot)
                0x0000000000014000                . = DATA_SEGMENT_RELRO_END (., 0x0)

.data           0x0000000000014000        0x8
                [!provide]                        PROVIDE (__data_start = .)
 *(.data .data.* .gnu.linkonce.d.*)
 .data          0x0000000000014000        0x0 /opt/qnx710/target/qnx7/aarch64le/lib/crt1.o
 .data          0x0000000000014000        0x0 /opt/qnx710/target/qnx7/aarch64le/lib/crti.o
 .data          0x0000000000014000        0x0 /opt/qnx710/host/linux/x86_64/usr/lib/gcc/aarch64-unknown-nto-qnx7.1.0/8.3.0//crtbegin.o
 .data.rel.local
                0x0000000000014000        0x8 /opt/qnx710/host/linux/x86_64/usr/lib/gcc/aarch64-unknown-nto-qnx7.1.0/8.3.0//crtbegin.o
                0x0000000000014000                __dso_handle
 .data          0x0000000000014008        0x0 main.o
 .data          0x0000000000014008        0x0 /opt/qnx710/target/qnx7/aarch64le/usr/lib/libdrvr.a(hwi_find_device.o)
 .data          0x0000000000014008        0x0 /opt/qnx710/target/qnx7/aarch64le/usr/lib/libdrvr.a(hwi_tag_find.o)
 .data          0x0000000000014008        0x0 /opt/qnx710/target/qnx7/aarch64le/usr/lib/libdrvr.a(hwiattr_get_timer.o)
 .data          0x0000000000014008        0x0 /opt/qnx710/target/qnx7/aarch64le/usr/lib/libdrvr.a(hwitag_find_clkfreq.o)
 .data          0x0000000000014008        0x0 /opt/qnx710/target/qnx7/aarch64le/usr/lib/libdrvr.a(hwitag_find_ivec.o)
 .data          0x0000000000014008        0x0 /opt/qnx710/target/qnx7/aarch64le/usr/lib/libdrvr.a(hwi_find.o)
 .data          0x0000000000014008        0x0 /opt/qnx710/host/linux/x86_64/usr/lib/gcc/aarch64-unknown-nto-qnx7.1.0/8.3.0//crtend.o
 .data          0x0000000000014008        0x0 /opt/qnx710/target/qnx7/aarch64le/lib/crtn.o

.tm_clone_table
                0x0000000000014008        0x0
 .tm_clone_table
                0x0000000000014008        0x0 /opt/qnx710/host/linux/x86_64/usr/lib/gcc/aarch64-unknown-nto-qnx7.1.0/8.3.0//crtbegin.o
 .tm_clone_table
                0x0000000000014008        0x0 /opt/qnx710/host/linux/x86_64/usr/lib/gcc/aarch64-unknown-nto-qnx7.1.0/8.3.0//crtend.o

.data1
 *(.data1)
                0x0000000000014008                _edata = .
                [!provide]                        PROVIDE (edata = .)
                0x0000000000014008                . = .
                0x0000000000014008                __bss_start = .
                0x0000000000014008                __bss_start__ = .

.bss            0x0000000000014008       0x48
 *(.dynbss)
 .dynbss        0x0000000000014008        0x0 /opt/qnx710/target/qnx7/aarch64le/lib/crt1.o
 *(.bss .bss.* .gnu.linkonce.b.*)
 .bss           0x0000000000014008        0x0 /opt/qnx710/target/qnx7/aarch64le/lib/crt1.o
 .bss           0x0000000000014008        0x0 /opt/qnx710/target/qnx7/aarch64le/lib/crti.o
 .bss           0x0000000000014008       0x38 /opt/qnx710/host/linux/x86_64/usr/lib/gcc/aarch64-unknown-nto-qnx7.1.0/8.3.0//crtbegin.o
 .bss           0x0000000000014040        0x0 main.o
 .bss           0x0000000000014040        0x0 /opt/qnx710/target/qnx7/aarch64le/usr/lib/libdrvr.a(hwi_find_device.o)
 .bss           0x0000000000014040        0x0 /opt/qnx710/target/qnx7/aarch64le/usr/lib/libdrvr.a(hwi_tag_find.o)
 .bss           0x0000000000014040        0x0 /opt/qnx710/target/qnx7/aarch64le/usr/lib/libdrvr.a(hwiattr_get_timer.o)
 .bss           0x0000000000014040        0x0 /opt/qnx710/target/qnx7/aarch64le/usr/lib/libdrvr.a(hwitag_find_clkfreq.o)
 .bss           0x0000000000014040        0x0 /opt/qnx710/target/qnx7/aarch64le/usr/lib/libdrvr.a(hwitag_find_ivec.o)
 .bss           0x0000000000014040        0x0 /opt/qnx710/target/qnx7/aarch64le/usr/lib/libdrvr.a(hwi_find.o)
 .bss           0x0000000000014040        0x0 /opt/qnx710/host/linux/x86_64/usr/lib/gcc/aarch64-unknown-nto-qnx7.1.0/8.3.0//crtend.o
 .bss           0x0000000000014040        0x0 /opt/qnx710/target/qnx7/aarch64le/lib/crtn.o
 *(COMMON)
 COMMON         0x0000000000014040       0x10 main.o
                0x0000000000014040                write_wdt
                0x0000000000014048                read_wdt
                0x0000000000014050                . = ALIGN ((. != 0x0)?0x8:0x1)
                0x0000000000014050                _bss_end__ = .
                0x0000000000014050                __bss_end__ = .
                0x0000000000014050                . = ALIGN (0x8)
                0x0000000000014050                . = SEGMENT_START ("ldata-segment", .)
                0x0000000000014050                . = ALIGN (0x8)
                0x0000000000014050                __end__ = .
                0x0000000000014050                _end = .
                [!provide]                        PROVIDE (end = .)
                0x0000000000014050                . = DATA_SEGMENT_END (.)

.stab
 *(.stab)

.stabstr
 *(.stabstr)

.stab.excl
 *(.stab.excl)

.stab.exclstr
 *(.stab.exclstr)

.stab.index
 *(.stab.index)

.stab.indexstr
 *(.stab.indexstr)

.comment        0x0000000000000000       0x68
 *(.comment)
 .comment       0x0000000000000000       0x34 /opt/qnx710/host/linux/x86_64/usr/lib/gcc/aarch64-unknown-nto-qnx7.1.0/8.3.0//crtbegin.o
                                         0x35 (size before relaxing)
 .comment       0x0000000000000034       0x35 main.o
 .comment       0x0000000000000034       0x34 /opt/qnx710/target/qnx7/aarch64le/usr/lib/libdrvr.a(hwi_find_device.o)
                                         0x35 (size before relaxing)
 .comment       0x0000000000000068       0x35 /opt/qnx710/target/qnx7/aarch64le/usr/lib/libdrvr.a(hwi_tag_find.o)
 .comment       0x0000000000000068       0x35 /opt/qnx710/target/qnx7/aarch64le/usr/lib/libdrvr.a(hwiattr_get_timer.o)
 .comment       0x0000000000000068       0x35 /opt/qnx710/target/qnx7/aarch64le/usr/lib/libdrvr.a(hwitag_find_clkfreq.o)
 .comment       0x0000000000000068       0x35 /opt/qnx710/target/qnx7/aarch64le/usr/lib/libdrvr.a(hwitag_find_ivec.o)
 .comment       0x0000000000000068       0x35 /opt/qnx710/target/qnx7/aarch64le/usr/lib/libdrvr.a(hwi_find.o)
 .comment       0x0000000000000068       0x35 /opt/qnx710/host/linux/x86_64/usr/lib/gcc/aarch64-unknown-nto-qnx7.1.0/8.3.0//crtend.o

.ident          0x0000000000000000     0x1aca
 .ident         0x0000000000000000       0x68 /opt/qnx710/target/qnx7/aarch64le/lib/crt1.o
 .ident         0x0000000000000068       0x68 /opt/qnx710/target/qnx7/aarch64le/lib/crti.o
 .ident         0x00000000000000d0     0x166d main.o
                                       0x26b5 (size before relaxing)
 .ident         0x000000000000173d      0x12a /opt/qnx710/target/qnx7/aarch64le/usr/lib/libdrvr.a(hwi_find_device.o)
                                        0x99a (size before relaxing)
 .ident         0x0000000000001867       0x63 /opt/qnx710/target/qnx7/aarch64le/usr/lib/libdrvr.a(hwi_tag_find.o)
                                        0x714 (size before relaxing)
 .ident         0x00000000000018ca       0x68 /opt/qnx710/target/qnx7/aarch64le/usr/lib/libdrvr.a(hwiattr_get_timer.o)
                                        0xa70 (size before relaxing)
 .ident         0x0000000000001932       0x6a /opt/qnx710/target/qnx7/aarch64le/usr/lib/libdrvr.a(hwitag_find_clkfreq.o)
                                        0x92f (size before relaxing)
 .ident         0x000000000000199c       0x67 /opt/qnx710/target/qnx7/aarch64le/usr/lib/libdrvr.a(hwitag_find_ivec.o)
                                        0x92c (size before relaxing)
 .ident         0x0000000000001a03       0x5f /opt/qnx710/target/qnx7/aarch64le/usr/lib/libdrvr.a(hwi_find.o)
                                        0x710 (size before relaxing)
 .ident         0x0000000000001a62       0x68 /opt/qnx710/target/qnx7/aarch64le/lib/crtn.o

.GCC.command.line
                0x0000000000000000      0x78c
 .GCC.command.line
                0x0000000000000000      0x404 main.o
 .GCC.command.line
                0x0000000000000404      0x23c /opt/qnx710/target/qnx7/aarch64le/usr/lib/libdrvr.a(hwi_find_device.o)
                                        0x3ed (size before relaxing)
 .GCC.command.line
                0x0000000000000640       0x40 /opt/qnx710/target/qnx7/aarch64le/usr/lib/libdrvr.a(hwi_tag_find.o)
                                        0x3ea (size before relaxing)
 .GCC.command.line
                0x0000000000000680       0x45 /opt/qnx710/target/qnx7/aarch64le/usr/lib/libdrvr.a(hwiattr_get_timer.o)
                                        0x3ef (size before relaxing)
 .GCC.command.line
                0x00000000000006c5       0x47 /opt/qnx710/target/qnx7/aarch64le/usr/lib/libdrvr.a(hwitag_find_clkfreq.o)
                                        0x3f1 (size before relaxing)
 .GCC.command.line
                0x000000000000070c       0x44 /opt/qnx710/target/qnx7/aarch64le/usr/lib/libdrvr.a(hwitag_find_ivec.o)
                                        0x3ee (size before relaxing)
 .GCC.command.line
                0x0000000000000750       0x3c /opt/qnx710/target/qnx7/aarch64le/usr/lib/libdrvr.a(hwi_find.o)
                                        0x3e6 (size before relaxing)

.gnu.build.attributes
 *(.gnu.build.attributes .gnu.build.attributes.*)

.debug
 *(.debug)

.line
 *(.line)

.debug_srcinfo
 *(.debug_srcinfo)

.debug_sfnames
 *(.debug_sfnames)

.debug_aranges  0x0000000000000000      0x190
 *(.debug_aranges)
 .debug_aranges
                0x0000000000000000       0x30 /opt/qnx710/target/qnx7/aarch64le/lib/crt1.o
 .debug_aranges
                0x0000000000000030       0x40 main.o
 .debug_aranges
                0x0000000000000070       0x30 /opt/qnx710/target/qnx7/aarch64le/usr/lib/libdrvr.a(hwi_find_device.o)
 .debug_aranges
                0x00000000000000a0       0x30 /opt/qnx710/target/qnx7/aarch64le/usr/lib/libdrvr.a(hwi_tag_find.o)
 .debug_aranges
                0x00000000000000d0       0x30 /opt/qnx710/target/qnx7/aarch64le/usr/lib/libdrvr.a(hwiattr_get_timer.o)
 .debug_aranges
                0x0000000000000100       0x30 /opt/qnx710/target/qnx7/aarch64le/usr/lib/libdrvr.a(hwitag_find_clkfreq.o)
 .debug_aranges
                0x0000000000000130       0x30 /opt/qnx710/target/qnx7/aarch64le/usr/lib/libdrvr.a(hwitag_find_ivec.o)
 .debug_aranges
                0x0000000000000160       0x30 /opt/qnx710/target/qnx7/aarch64le/usr/lib/libdrvr.a(hwi_find.o)

.debug_pubnames
 *(.debug_pubnames)

.debug_info     0x0000000000000000     0x5f49
 *(.debug_info .gnu.linkonce.wi.*)
 .debug_info    0x0000000000000000       0x2e /opt/qnx710/target/qnx7/aarch64le/lib/crt1.o
 .debug_info    0x000000000000002e     0x2713 main.o
 .debug_info    0x0000000000002741      0x90d /opt/qnx710/target/qnx7/aarch64le/usr/lib/libdrvr.a(hwi_find_device.o)
 .debug_info    0x000000000000304e      0x96c /opt/qnx710/target/qnx7/aarch64le/usr/lib/libdrvr.a(hwi_tag_find.o)
 .debug_info    0x00000000000039ba      0xaa4 /opt/qnx710/target/qnx7/aarch64le/usr/lib/libdrvr.a(hwiattr_get_timer.o)
 .debug_info    0x000000000000445e      0x88a /opt/qnx710/target/qnx7/aarch64le/usr/lib/libdrvr.a(hwitag_find_clkfreq.o)
 .debug_info    0x0000000000004ce8      0x88a /opt/qnx710/target/qnx7/aarch64le/usr/lib/libdrvr.a(hwitag_find_ivec.o)
 .debug_info    0x0000000000005572      0x9d7 /opt/qnx710/target/qnx7/aarch64le/usr/lib/libdrvr.a(hwi_find.o)

.debug_abbrev   0x0000000000000000      0xe94
 *(.debug_abbrev)
 .debug_abbrev  0x0000000000000000       0x14 /opt/qnx710/target/qnx7/aarch64le/lib/crt1.o
 .debug_abbrev  0x0000000000000014      0x40b main.o
 .debug_abbrev  0x000000000000041f      0x1b5 /opt/qnx710/target/qnx7/aarch64le/usr/lib/libdrvr.a(hwi_find_device.o)
 .debug_abbrev  0x00000000000005d4      0x1d3 /opt/qnx710/target/qnx7/aarch64le/usr/lib/libdrvr.a(hwi_tag_find.o)
 .debug_abbrev  0x00000000000007a7      0x1e8 /opt/qnx710/target/qnx7/aarch64le/usr/lib/libdrvr.a(hwiattr_get_timer.o)
 .debug_abbrev  0x000000000000098f      0x166 /opt/qnx710/target/qnx7/aarch64le/usr/lib/libdrvr.a(hwitag_find_clkfreq.o)
 .debug_abbrev  0x0000000000000af5      0x166 /opt/qnx710/target/qnx7/aarch64le/usr/lib/libdrvr.a(hwitag_find_ivec.o)
 .debug_abbrev  0x0000000000000c5b      0x239 /opt/qnx710/target/qnx7/aarch64le/usr/lib/libdrvr.a(hwi_find.o)

.debug_line     0x0000000000000000     0x190c
 *(.debug_line .debug_line.* .debug_line_end)
 .debug_line    0x0000000000000000       0x9c /opt/qnx710/target/qnx7/aarch64le/lib/crt1.o
 .debug_line    0x000000000000009c      0xc1d main.o
 .debug_line    0x0000000000000cb9      0x1fa /opt/qnx710/target/qnx7/aarch64le/usr/lib/libdrvr.a(hwi_find_device.o)
 .debug_line    0x0000000000000eb3      0x1d6 /opt/qnx710/target/qnx7/aarch64le/usr/lib/libdrvr.a(hwi_tag_find.o)
 .debug_line    0x0000000000001089      0x321 /opt/qnx710/target/qnx7/aarch64le/usr/lib/libdrvr.a(hwiattr_get_timer.o)
 .debug_line    0x00000000000013aa      0x19e /opt/qnx710/target/qnx7/aarch64le/usr/lib/libdrvr.a(hwitag_find_clkfreq.o)
 .debug_line    0x0000000000001548      0x198 /opt/qnx710/target/qnx7/aarch64le/usr/lib/libdrvr.a(hwitag_find_ivec.o)
 .debug_line    0x00000000000016e0      0x22c /opt/qnx710/target/qnx7/aarch64le/usr/lib/libdrvr.a(hwi_find.o)

.debug_frame
 *(.debug_frame)

.debug_str      0x0000000000000000     0x101c
 *(.debug_str)
 .debug_str     0x0000000000000000       0x96 /opt/qnx710/target/qnx7/aarch64le/lib/crt1.o
 .debug_str     0x0000000000000096      0xc92 main.o
                                        0xe46 (size before relaxing)
 .debug_str     0x0000000000000d28      0x127 /opt/qnx710/target/qnx7/aarch64le/usr/lib/libdrvr.a(hwi_find_device.o)
                                        0x596 (size before relaxing)
 .debug_str     0x0000000000000e4f       0x67 /opt/qnx710/target/qnx7/aarch64le/usr/lib/libdrvr.a(hwi_tag_find.o)
                                        0x5c2 (size before relaxing)
 .debug_str     0x0000000000000eb6       0x5e /opt/qnx710/target/qnx7/aarch64le/usr/lib/libdrvr.a(hwiattr_get_timer.o)
                                        0x62b (size before relaxing)
 .debug_str     0x0000000000000f14       0x4f /opt/qnx710/target/qnx7/aarch64le/usr/lib/libdrvr.a(hwitag_find_clkfreq.o)
                                        0x580 (size before relaxing)
 .debug_str     0x0000000000000f63       0x4d /opt/qnx710/target/qnx7/aarch64le/usr/lib/libdrvr.a(hwitag_find_ivec.o)
                                        0x57b (size before relaxing)
 .debug_str     0x0000000000000fb0       0x6c /opt/qnx710/target/qnx7/aarch64le/usr/lib/libdrvr.a(hwi_find.o)
                                        0x5b5 (size before relaxing)

.debug_loc      0x0000000000000000     0x2a0c
 *(.debug_loc)
 .debug_loc     0x0000000000000000     0x1f7b main.o
 .debug_loc     0x0000000000001f7b      0x11b /opt/qnx710/target/qnx7/aarch64le/usr/lib/libdrvr.a(hwi_find_device.o)
 .debug_loc     0x0000000000002096      0x274 /opt/qnx710/target/qnx7/aarch64le/usr/lib/libdrvr.a(hwi_tag_find.o)
 .debug_loc     0x000000000000230a      0x1df /opt/qnx710/target/qnx7/aarch64le/usr/lib/libdrvr.a(hwiattr_get_timer.o)
 .debug_loc     0x00000000000024e9       0xc9 /opt/qnx710/target/qnx7/aarch64le/usr/lib/libdrvr.a(hwitag_find_clkfreq.o)
 .debug_loc     0x00000000000025b2       0xc9 /opt/qnx710/target/qnx7/aarch64le/usr/lib/libdrvr.a(hwitag_find_ivec.o)
 .debug_loc     0x000000000000267b      0x391 /opt/qnx710/target/qnx7/aarch64le/usr/lib/libdrvr.a(hwi_find.o)

.debug_macinfo
 *(.debug_macinfo)

.debug_weaknames
 *(.debug_weaknames)

.debug_funcnames
 *(.debug_funcnames)

.debug_typenames
 *(.debug_typenames)

.debug_varnames
 *(.debug_varnames)

.debug_pubtypes
 *(.debug_pubtypes)

.debug_ranges   0x0000000000000000      0x2d0
 *(.debug_ranges)
 .debug_ranges  0x0000000000000000      0x1c0 main.o
 .debug_ranges  0x00000000000001c0       0x30 /opt/qnx710/target/qnx7/aarch64le/usr/lib/libdrvr.a(hwi_find_device.o)
 .debug_ranges  0x00000000000001f0       0x80 /opt/qnx710/target/qnx7/aarch64le/usr/lib/libdrvr.a(hwi_tag_find.o)
 .debug_ranges  0x0000000000000270       0x60 /opt/qnx710/target/qnx7/aarch64le/usr/lib/libdrvr.a(hwi_find.o)

.debug_macro
 *(.debug_macro)

.debug_addr
 *(.debug_addr)

.ARM.attributes
 *(.ARM.attributes)
 *(.gnu.attributes)

.note.gnu.arm.ident
 *(.note.gnu.arm.ident)

/DISCARD/
 *(.note.GNU-stack)
 *(.gnu_debuglink)
 *(.gnu.lto_*)
OUTPUT(/builds/workspace/BSP_raspberrypi-bcm2711-rpi4_br-710_be-710/code/hardware/support/wdtkick/aarch64/le/wdtkick elf64-littleaarch64)
