
Memory Configuration

Name             Origin             Length             Attributes
*default*        0x0000000000000000 0xffffffffffffffff

Linker script and memory map

LOAD /opt/qnx710/target/qnx7/aarch64le/lib/crt1.o
LOAD /opt/qnx710/target/qnx7/aarch64le/lib/crti.o
LOAD /opt/qnx710/host/linux/x86_64/usr/lib/gcc/aarch64-unknown-nto-qnx7.1.0/8.3.0//crtbegin.o
LOAD gpio.o
LOAD /opt/qnx710/target/qnx7/aarch64le/lib/libc.so
LOAD /opt/qnx710/target/qnx7/aarch64le/lib/libcS.a
LOAD /opt/qnx710/target/qnx7/aarch64le/lib/libgcc_s.so
LOAD /opt/qnx710/host/linux/x86_64/usr/lib/gcc/aarch64-unknown-nto-qnx7.1.0/8.3.0/libgcc_eh.a
LOAD /opt/qnx710/host/linux/x86_64/usr/lib/gcc/aarch64-unknown-nto-qnx7.1.0/8.3.0//crtend.o
LOAD /opt/qnx710/target/qnx7/aarch64le/lib/crtn.o
                [!provide]                        PROVIDE (__executable_start = SEGMENT_START ("text-segment", 0x0))
                0x0000000000000238                . = (SEGMENT_START ("text-segment", 0x0) + SIZEOF_HEADERS)

.interp         0x0000000000000238       0x17
 *(.interp)
 .interp        0x0000000000000238       0x17 /opt/qnx710/target/qnx7/aarch64le/lib/crt1.o

.note.gnu.build-id
                0x0000000000000250       0x20
 *(.note.gnu.build-id)
 .note.gnu.build-id
                0x0000000000000250       0x20 /opt/qnx710/target/qnx7/aarch64le/lib/crt1.o

.note           0x0000000000000270       0x1c
 .note          0x0000000000000270       0x1c /opt/qnx710/target/qnx7/aarch64le/lib/crtn.o

.hash
 *(.hash)

.gnu.hash       0x0000000000000290       0x3c
 *(.gnu.hash)
 .gnu.hash      0x0000000000000290       0x3c /opt/qnx710/target/qnx7/aarch64le/lib/crt1.o

.dynsym         0x00000000000002d0      0x2e8
 *(.dynsym)
 .dynsym        0x00000000000002d0      0x2e8 /opt/qnx710/target/qnx7/aarch64le/lib/crt1.o

.dynstr         0x00000000000005b8      0x16a
 *(.dynstr)
 .dynstr        0x00000000000005b8      0x16a /opt/qnx710/target/qnx7/aarch64le/lib/crt1.o

.gnu.version    0x0000000000000722        0x0
 *(.gnu.version)
 .gnu.version   0x0000000000000722        0x0 /opt/qnx710/target/qnx7/aarch64le/lib/crt1.o

.gnu.version_d  0x0000000000000728        0x0
 *(.gnu.version_d)
 .gnu.version_d
                0x0000000000000728        0x0 /opt/qnx710/target/qnx7/aarch64le/lib/crt1.o

.gnu.version_r  0x0000000000000728        0x0
 *(.gnu.version_r)
 .gnu.version_r
                0x0000000000000728        0x0 /opt/qnx710/target/qnx7/aarch64le/lib/crt1.o

.rela.dyn       0x0000000000000728     0x2058
 *(.rela.init)
 *(.rela.text .rela.text.* .rela.gnu.linkonce.t.*)
 *(.rela.fini)
 *(.rela.rodata .rela.rodata.* .rela.gnu.linkonce.r.*)
 *(.rela.data .rela.data.* .rela.gnu.linkonce.d.*)
 .rela.data.rel.ro
                0x0000000000000728        0x0 /opt/qnx710/target/qnx7/aarch64le/lib/crt1.o
 .rela.data.rel.local
                0x0000000000000728       0x18 /opt/qnx710/target/qnx7/aarch64le/lib/crt1.o
 .rela.data.rel.ro.local
                0x0000000000000740     0x1f80 /opt/qnx710/target/qnx7/aarch64le/lib/crt1.o
 *(.rela.tdata .rela.tdata.* .rela.gnu.linkonce.td.*)
 *(.rela.tbss .rela.tbss.* .rela.gnu.linkonce.tb.*)
 *(.rela.ctors)
 *(.rela.dtors)
 *(.rela.got)
 .rela.got      0x00000000000026c0       0x90 /opt/qnx710/target/qnx7/aarch64le/lib/crt1.o
 *(.rela.bss .rela.bss.* .rela.gnu.linkonce.b.*)
 .rela.bss      0x0000000000002750        0x0 /opt/qnx710/target/qnx7/aarch64le/lib/crt1.o
 *(.rela.ifunc)
 .rela.ifunc    0x0000000000002750        0x0 /opt/qnx710/target/qnx7/aarch64le/lib/crt1.o
 .rela.fini_array
                0x0000000000002750       0x18 /opt/qnx710/target/qnx7/aarch64le/lib/crt1.o
 .rela.init_array
                0x0000000000002768       0x18 /opt/qnx710/target/qnx7/aarch64le/lib/crt1.o

.rela.plt       0x0000000000002780      0x1c8
 *(.rela.plt)
 .rela.plt      0x0000000000002780      0x1c8 /opt/qnx710/target/qnx7/aarch64le/lib/crt1.o
                [!provide]                        PROVIDE (__rela_iplt_start = .)
 *(.rela.iplt)
                [!provide]                        PROVIDE (__rela_iplt_end = .)

.init
 *(SORT_NONE(.init))

.plt            0x0000000000002950      0x150
 *(.plt)
 .plt           0x0000000000002950      0x150 /opt/qnx710/target/qnx7/aarch64le/lib/crt1.o
 *(.iplt)

.text           0x0000000000002aa0      0xf80
                0x0000000000002aa0                _btext = .
 *(.text.unlikely .text.*_unlikely .text.unlikely.*)
 *(.text.exit .text.exit.*)
 *(.text.startup .text.startup.*)
 .text.startup  0x0000000000002aa0      0xb74 gpio.o
                0x0000000000002aa0                main
 *(.text.hot .text.hot.*)
 *(.text .stub .text.* .gnu.linkonce.t.*)
 .text          0x0000000000003614       0x94 /opt/qnx710/target/qnx7/aarch64le/lib/crt1.o
                0x0000000000003614                _start
 .text          0x00000000000036a8        0x0 /opt/qnx710/target/qnx7/aarch64le/lib/crti.o
 .text          0x00000000000036a8       0xfc /opt/qnx710/host/linux/x86_64/usr/lib/gcc/aarch64-unknown-nto-qnx7.1.0/8.3.0//crtbegin.o
 *fill*         0x00000000000037a4        0x4 00000000
 .text          0x00000000000037a8      0x278 gpio.o
 .text          0x0000000000003a20        0x0 /opt/qnx710/host/linux/x86_64/usr/lib/gcc/aarch64-unknown-nto-qnx7.1.0/8.3.0//crtend.o
 .text          0x0000000000003a20        0x0 /opt/qnx710/target/qnx7/aarch64le/lib/crtn.o
 *(.gnu.warning)

.fini
 *(SORT_NONE(.fini))
                [!provide]                        PROVIDE (__etext = .)
                [!provide]                        PROVIDE (_etext = .)
                [!provide]                        PROVIDE (etext = .)

.rodata         0x0000000000003a20     0x1488
 *(.rodata .rodata.* .gnu.linkonce.r.*)
 .rodata        0x0000000000003a20       0xf4 gpio.o
 *fill*         0x0000000000003b14        0x4 
 .rodata.str1.8
                0x0000000000003b18     0x1390 gpio.o
                                       0x1392 (size before relaxing)

.rodata1
 *(.rodata1)

.eh_frame_hdr   0x0000000000004ea8       0x3c
 *(.eh_frame_hdr)
 .eh_frame_hdr  0x0000000000004ea8       0x3c /opt/qnx710/host/linux/x86_64/usr/lib/gcc/aarch64-unknown-nto-qnx7.1.0/8.3.0//crtbegin.o
                0x0000000000004ea8                __GNU_EH_FRAME_HDR
 *(.eh_frame_entry .eh_frame_entry.*)

.eh_frame       0x0000000000004ee8      0x1ec
 *(.eh_frame)
 .eh_frame      0x0000000000004ee8       0x80 /opt/qnx710/host/linux/x86_64/usr/lib/gcc/aarch64-unknown-nto-qnx7.1.0/8.3.0//crtbegin.o
 .eh_frame      0x0000000000004f68      0x168 gpio.o
                                        0x180 (size before relaxing)
 .eh_frame      0x00000000000050d0        0x4 /opt/qnx710/host/linux/x86_64/usr/lib/gcc/aarch64-unknown-nto-qnx7.1.0/8.3.0//crtend.o
 *(.eh_frame.*)

.gcc_except_table
 *(.gcc_except_table .gcc_except_table.*)

.gnu_extab
 *(.gnu_extab*)

.exception_ranges
 *(.exception_ranges*)
                0x00000000000152d8                . = DATA_SEGMENT_ALIGN (CONSTANT (MAXPAGESIZE), CONSTANT (COMMONPAGESIZE))

.eh_frame
 *(.eh_frame)
 *(.eh_frame.*)

.gnu_extab
 *(.gnu_extab)

.gcc_except_table
 *(.gcc_except_table .gcc_except_table.*)

.exception_ranges
 *(.exception_ranges*)

.tdata          0x00000000000152d8        0x0
                [!provide]                        PROVIDE (__tdata_start = .)
 *(.tdata .tdata.* .gnu.linkonce.td.*)

.tbss
 *(.tbss .tbss.* .gnu.linkonce.tb.*)
 *(.tcommon)

.preinit_array  0x00000000000152d8        0x0
                0x00000000000152d8                PROVIDE (__preinit_array_start = .)
 *(.preinit_array)
                0x00000000000152d8                PROVIDE (__preinit_array_end = .)

.init_array     0x00000000000152d8        0x8
                0x00000000000152d8                PROVIDE (__init_array_start = .)
 *(SORT_BY_INIT_PRIORITY(.init_array.*) SORT_BY_INIT_PRIORITY(.ctors.*))
 *(.init_array EXCLUDE_FILE(*crtend?.o *crtend.o *crtbegin?.o *crtbegin.o) .ctors)
 .init_array    0x00000000000152d8        0x8 /opt/qnx710/host/linux/x86_64/usr/lib/gcc/aarch64-unknown-nto-qnx7.1.0/8.3.0//crtbegin.o
                0x00000000000152e0                PROVIDE (__init_array_end = .)

.fini_array     0x00000000000152e0        0x8
                0x00000000000152e0                PROVIDE (__fini_array_start = .)
 *(SORT_BY_INIT_PRIORITY(.fini_array.*) SORT_BY_INIT_PRIORITY(.dtors.*))
 *(.fini_array EXCLUDE_FILE(*crtend?.o *crtend.o *crtbegin?.o *crtbegin.o) .dtors)
 .fini_array    0x00000000000152e0        0x8 /opt/qnx710/host/linux/x86_64/usr/lib/gcc/aarch64-unknown-nto-qnx7.1.0/8.3.0//crtbegin.o
                0x00000000000152e8                PROVIDE (__fini_array_end = .)

.ctors
 *crtbegin.o(.ctors)
 *crtbegin?.o(.ctors)
 *(EXCLUDE_FILE(*crtend?.o *crtend.o) .ctors)
 *(SORT_BY_NAME(.ctors.*))
 *(.ctors)

.dtors
 *crtbegin.o(.dtors)
 *crtbegin?.o(.dtors)
 *(EXCLUDE_FILE(*crtend?.o *crtend.o) .dtors)
 *(SORT_BY_NAME(.dtors.*))
 *(.dtors)

.jcr
 *(.jcr)

.data.rel.ro    0x00000000000152e8      0xa80
 *(.data.rel.ro.local* .gnu.linkonce.d.rel.ro.local.*)
 .data.rel.ro.local
                0x00000000000152e8      0xa80 gpio.o
 *(.data.rel.ro .data.rel.ro.* .gnu.linkonce.d.rel.ro.*)
 .data.rel.ro   0x0000000000015d68        0x0 /opt/qnx710/target/qnx7/aarch64le/lib/crt1.o

.dynamic        0x0000000000015d68      0x1b0
 *(.dynamic)
 .dynamic       0x0000000000015d68      0x1b0 /opt/qnx710/target/qnx7/aarch64le/lib/crt1.o
                0x0000000000015d68                _DYNAMIC

.got            0x0000000000015f18       0xe8
 *(.got.plt)
 .got.plt       0x0000000000015f18       0xb0 /opt/qnx710/target/qnx7/aarch64le/lib/crt1.o
 *(.igot.plt)
 *(.got)
 .got           0x0000000000015fc8       0x38 /opt/qnx710/target/qnx7/aarch64le/lib/crt1.o
                0x0000000000015fc8                _GLOBAL_OFFSET_TABLE_
 *(.igot)
                0x0000000000016000                . = DATA_SEGMENT_RELRO_END (., 0x0)

.data           0x0000000000016000        0x8
                [!provide]                        PROVIDE (__data_start = .)
 *(.data .data.* .gnu.linkonce.d.*)
 .data          0x0000000000016000        0x0 /opt/qnx710/target/qnx7/aarch64le/lib/crt1.o
 .data          0x0000000000016000        0x0 /opt/qnx710/target/qnx7/aarch64le/lib/crti.o
 .data          0x0000000000016000        0x0 /opt/qnx710/host/linux/x86_64/usr/lib/gcc/aarch64-unknown-nto-qnx7.1.0/8.3.0//crtbegin.o
 .data.rel.local
                0x0000000000016000        0x8 /opt/qnx710/host/linux/x86_64/usr/lib/gcc/aarch64-unknown-nto-qnx7.1.0/8.3.0//crtbegin.o
                0x0000000000016000                __dso_handle
 .data          0x0000000000016008        0x0 gpio.o
 .data          0x0000000000016008        0x0 /opt/qnx710/host/linux/x86_64/usr/lib/gcc/aarch64-unknown-nto-qnx7.1.0/8.3.0//crtend.o
 .data          0x0000000000016008        0x0 /opt/qnx710/target/qnx7/aarch64le/lib/crtn.o

.tm_clone_table
                0x0000000000016008        0x0
 .tm_clone_table
                0x0000000000016008        0x0 /opt/qnx710/host/linux/x86_64/usr/lib/gcc/aarch64-unknown-nto-qnx7.1.0/8.3.0//crtbegin.o
 .tm_clone_table
                0x0000000000016008        0x0 /opt/qnx710/host/linux/x86_64/usr/lib/gcc/aarch64-unknown-nto-qnx7.1.0/8.3.0//crtend.o

.data1
 *(.data1)
                0x0000000000016008                _edata = .
                [!provide]                        PROVIDE (edata = .)
                0x0000000000016008                . = .
                0x0000000000016008                __bss_start = .
                0x0000000000016008                __bss_start__ = .

.bss            0x0000000000016008       0x40
 *(.dynbss)
 .dynbss        0x0000000000016008        0x0 /opt/qnx710/target/qnx7/aarch64le/lib/crt1.o
 *(.bss .bss.* .gnu.linkonce.b.*)
 .bss           0x0000000000016008        0x0 /opt/qnx710/target/qnx7/aarch64le/lib/crt1.o
 .bss           0x0000000000016008        0x0 /opt/qnx710/target/qnx7/aarch64le/lib/crti.o
 .bss           0x0000000000016008       0x38 /opt/qnx710/host/linux/x86_64/usr/lib/gcc/aarch64-unknown-nto-qnx7.1.0/8.3.0//crtbegin.o
 .bss           0x0000000000016040        0x8 gpio.o
 .bss           0x0000000000016048        0x0 /opt/qnx710/host/linux/x86_64/usr/lib/gcc/aarch64-unknown-nto-qnx7.1.0/8.3.0//crtend.o
 .bss           0x0000000000016048        0x0 /opt/qnx710/target/qnx7/aarch64le/lib/crtn.o
 *(COMMON)
                0x0000000000016048                . = ALIGN ((. != 0x0)?0x8:0x1)
                0x0000000000016048                _bss_end__ = .
                0x0000000000016048                __bss_end__ = .
                0x0000000000016048                . = ALIGN (0x8)
                0x0000000000016048                . = SEGMENT_START ("ldata-segment", .)
                0x0000000000016048                . = ALIGN (0x8)
                0x0000000000016048                __end__ = .
                0x0000000000016048                _end = .
                [!provide]                        PROVIDE (end = .)
                0x0000000000016048                . = DATA_SEGMENT_END (.)

.stab
 *(.stab)

.stabstr
 *(.stabstr)

.stab.excl
 *(.stab.excl)

.stab.exclstr
 *(.stab.exclstr)

.stab.index
 *(.stab.index)

.stab.indexstr
 *(.stab.indexstr)

.comment        0x0000000000000000       0x34
 *(.comment)
 .comment       0x0000000000000000       0x34 /opt/qnx710/host/linux/x86_64/usr/lib/gcc/aarch64-unknown-nto-qnx7.1.0/8.3.0//crtbegin.o
                                         0x35 (size before relaxing)
 .comment       0x0000000000000034       0x35 gpio.o
 .comment       0x0000000000000034       0x35 /opt/qnx710/host/linux/x86_64/usr/lib/gcc/aarch64-unknown-nto-qnx7.1.0/8.3.0//crtend.o

.ident          0x0000000000000000      0xd56
 .ident         0x0000000000000000       0x68 /opt/qnx710/target/qnx7/aarch64le/lib/crt1.o
 .ident         0x0000000000000068       0x68 /opt/qnx710/target/qnx7/aarch64le/lib/crti.o
 .ident         0x00000000000000d0      0xc1e gpio.o
                                       0x1372 (size before relaxing)
 .ident         0x0000000000000cee       0x68 /opt/qnx710/target/qnx7/aarch64le/lib/crtn.o

.GCC.command.line
                0x0000000000000000      0x418
 .GCC.command.line
                0x0000000000000000      0x418 gpio.o

.gnu.build.attributes
 *(.gnu.build.attributes .gnu.build.attributes.*)

.debug
 *(.debug)

.line
 *(.line)

.debug_srcinfo
 *(.debug_srcinfo)

.debug_sfnames
 *(.debug_sfnames)

.debug_aranges  0x0000000000000000       0x70
 *(.debug_aranges)
 .debug_aranges
                0x0000000000000000       0x30 /opt/qnx710/target/qnx7/aarch64le/lib/crt1.o
 .debug_aranges
                0x0000000000000030       0x40 gpio.o

.debug_pubnames
 *(.debug_pubnames)

.debug_info     0x0000000000000000     0x1af5
 *(.debug_info .gnu.linkonce.wi.*)
 .debug_info    0x0000000000000000       0x2e /opt/qnx710/target/qnx7/aarch64le/lib/crt1.o
 .debug_info    0x000000000000002e     0x1ac7 gpio.o

.debug_abbrev   0x0000000000000000      0x373
 *(.debug_abbrev)
 .debug_abbrev  0x0000000000000000       0x14 /opt/qnx710/target/qnx7/aarch64le/lib/crt1.o
 .debug_abbrev  0x0000000000000014      0x35f gpio.o

.debug_line     0x0000000000000000      0xaf2
 *(.debug_line .debug_line.* .debug_line_end)
 .debug_line    0x0000000000000000       0x9c /opt/qnx710/target/qnx7/aarch64le/lib/crt1.o
 .debug_line    0x000000000000009c      0xa56 gpio.o

.debug_frame
 *(.debug_frame)

.debug_str      0x0000000000000000      0x683
 *(.debug_str)
 .debug_str     0x0000000000000000       0x96 /opt/qnx710/target/qnx7/aarch64le/lib/crt1.o
 .debug_str     0x0000000000000096      0x5ed gpio.o
                                        0x661 (size before relaxing)

.debug_loc      0x0000000000000000     0x1dfe
 *(.debug_loc)
 .debug_loc     0x0000000000000000     0x1dfe gpio.o

.debug_macinfo
 *(.debug_macinfo)

.debug_weaknames
 *(.debug_weaknames)

.debug_funcnames
 *(.debug_funcnames)

.debug_typenames
 *(.debug_typenames)

.debug_varnames
 *(.debug_varnames)

.debug_pubtypes
 *(.debug_pubtypes)

.debug_ranges   0x0000000000000000      0x4a0
 *(.debug_ranges)
 .debug_ranges  0x0000000000000000      0x4a0 gpio.o

.debug_macro
 *(.debug_macro)

.debug_addr
 *(.debug_addr)

.ARM.attributes
 *(.ARM.attributes)
 *(.gnu.attributes)

.note.gnu.arm.ident
 *(.note.gnu.arm.ident)

/DISCARD/
 *(.note.GNU-stack)
 *(.gnu_debuglink)
 *(.gnu.lto_*)
OUTPUT(/builds/workspace/BSP_raspberrypi-bcm2711-rpi4_br-710_be-710/code/hardware/support/bcm2711/gpio/aarch64/le/gpio-bcm2711 elf64-littleaarch64)
